1111111111111111111111111111111111111111111111111111111111111111111111111111111111111111
1______________________________________________________________________________________1
1______________________________________________________________________________________1
1___1111111________________________________________________________________111111______1
1_____________________1111111111111111_____________11111111111_________________________1
1______________________________________________________________________________________1
1______________________________________________________________________________________1
1_111111111111_________________________________________________________________________1
1____________________________11111111__________________________________________________1
1_________________________________________________________________________111111111____1
1_____________________________________________________________1111_____________________1
1_____________________111111111111_____________________________________________________1
1____________11111__________________________111111111__________11111___________________1
1______________________________________________________________________________________1
1111111111____________________111111___________________________________________________1
1______________________________________________________________________________________1
1____________________________________________________________111____________111111111111
11111111111111111____________________________1111111___________________________________1
1______________________________________________________________________________________1
1______________________________________________________________________________________1
1_________________1111111111________________________________________11111111111________1
1______________________________________________________________________________________1
1___________________________________11111111___________________________________________1
1__________________________________1___________________________________________________1
1___11111____________________________________________1111_____________1111111__________1
1__________________11111111____________________________________________________________1
1_________________________________1111_________________________________________________1
1_________111_________________________1111111__________________________________________1
1_________________________11___________________________________________________________1
1________________________________________________________________11111111111111________1
1________1111111111____________________________________________________________________1
1______________________________________________________________________________________1
1___________________________111111_________________________11111111____________________1
1______________________________________________________________________________________1
1_______111111111__________________111_________________________________________________1
1______________________________________________________________________________________1
1_______________________________________11111111111____________________________________1
1______________________________________________________________________11111111111_____1
1__________________11111111_________________________111________________________________1
1__________P___________________________________________________________________________1
1___________________________________11111111___________________________________________1
1111111111111111111111111111111111111111111111111111111111111111111111111111111111111111

